
> whatsapp-api-dispatcher-backend@1.0.0 build
> tsc

src/controllers/qr-template.controller.ts(226,24): error TS2365: Operator '>' cannot be applied to types 'number | File[]' and 'number'.
src/controllers/qr-template.controller.ts(227,28): error TS2488: Type '{ [fieldname: string]: File[]; } | File[]' must have a '[Symbol.iterator]()' method that returns an iterator.
src/controllers/qr-template.controller.ts(488,24): error TS2365: Operator '>' cannot be applied to types 'number | File[]' and 'number'.
src/routes/baseDados.ts(366,68): error TS2339: Property 'replace' does not exist on type 'string | ParsedQs | (string | ParsedQs)[]'.
  Property 'replace' does not exist on type '(string | ParsedQs)[]'.
src/server.ts(151,73): error TS2345: Argument of type 'number' is not assignable to parameter of type 'Request<ParamsDictionary, any, any, ParsedQs, Record<string, any>>'.
src/workers/qr-campaign.worker.ts(346,37): error TS2558: Expected 0 type arguments, but got 1.
src/workers/qr-campaign.worker.ts(391,24): error TS2339: Property 'work_start_time' does not exist on type '{}'.
src/workers/qr-campaign.worker.ts(391,58): error TS2339: Property 'work_end_time' does not exist on type '{}'.
src/workers/qr-campaign.worker.ts(394,96): error TS2339: Property 'work_start_time' does not exist on type '{}'.
src/workers/qr-campaign.worker.ts(394,132): error TS2339: Property 'work_end_time' does not exist on type '{}'.
src/workers/qr-campaign.worker.ts(396,40): error TS2339: Property 'work_start_time' does not exist on type '{}'.
src/workers/qr-campaign.worker.ts(396,88): error TS2339: Property 'work_end_time' does not exist on type '{}'.
src/workers/qr-campaign.worker.ts(458,41): error TS2558: Expected 0 type arguments, but got 1.
src/workers/qr-campaign.worker.ts(540,40): error TS2558: Expected 0 type arguments, but got 1.
src/workers/qr-campaign.worker.ts(589,39): error TS2558: Expected 0 type arguments, but got 1.
src/workers/qr-campaign.worker.ts(596,26): error TS2339: Property 'work_start_time' does not exist on type '{}'.
src/workers/qr-campaign.worker.ts(596,60): error TS2339: Property 'work_end_time' does not exist on type '{}'.
src/workers/qr-campaign.worker.ts(600,42): error TS2339: Property 'work_start_time' does not exist on type '{}'.
src/workers/qr-campaign.worker.ts(600,90): error TS2339: Property 'work_end_time' does not exist on type '{}'.
src/workers/qr-campaign.worker.ts(601,115): error TS2339: Property 'work_start_time' does not exist on type '{}'.
src/workers/qr-campaign.worker.ts(601,151): error TS2339: Property 'work_end_time' does not exist on type '{}'.
src/workers/qr-campaign.worker.ts(673,40): error TS2558: Expected 0 type arguments, but got 1.
src/workers/qr-campaign.worker.ts(691,48): error TS2558: Expected 0 type arguments, but got 1.
src/workers/qr-campaign.worker.ts(706,42): error TS2558: Expected 0 type arguments, but got 1.
src/workers/qr-campaign.worker.ts(726,50): error TS2558: Expected 0 type arguments, but got 1.
src/workers/qr-campaign.worker.ts(1463,22): error TS2339: Property 'pause_after' does not exist on type '{}'.
src/workers/qr-campaign.worker.ts(1463,49): error TS2339: Property 'pause_after' does not exist on type '{}'.
src/workers/qr-campaign.worker.ts(1467,70): error TS2339: Property 'pause_after' does not exist on type '{}'.
src/workers/qr-campaign.worker.ts(1468,48): error TS2339: Property 'pause_duration_minutes' does not exist on type '{}'.
