
> whatsapp-api-dispatcher-backend@1.0.0 build
> tsc

src/controllers/qr-template.controller.ts(29,14): error TS7006: Parameter 'req' implicitly has an 'any' type.
src/controllers/qr-template.controller.ts(29,19): error TS7006: Parameter 'res' implicitly has an 'any' type.
src/controllers/qr-template.controller.ts(70,18): error TS18046: 'error' is of type 'unknown'.
src/controllers/qr-template.controller.ts(79,17): error TS7006: Parameter 'req' implicitly has an 'any' type.
src/controllers/qr-template.controller.ts(79,22): error TS7006: Parameter 'res' implicitly has an 'any' type.
src/controllers/qr-template.controller.ts(138,18): error TS18046: 'error' is of type 'unknown'.
src/controllers/qr-template.controller.ts(147,16): error TS7006: Parameter 'req' implicitly has an 'any' type.
src/controllers/qr-template.controller.ts(147,21): error TS7006: Parameter 'res' implicitly has an 'any' type.
src/controllers/qr-template.controller.ts(280,77): error TS18046: 'err' is of type 'unknown'.
src/controllers/qr-template.controller.ts(344,81): error TS18046: 'err' is of type 'unknown'.
src/controllers/qr-template.controller.ts(370,77): error TS18046: 'err' is of type 'unknown'.
src/controllers/qr-template.controller.ts(399,18): error TS18046: 'error' is of type 'unknown'.
src/controllers/qr-template.controller.ts(410,16): error TS7006: Parameter 'req' implicitly has an 'any' type.
src/controllers/qr-template.controller.ts(410,21): error TS7006: Parameter 'res' implicitly has an 'any' type.
src/controllers/qr-template.controller.ts(534,77): error TS18046: 'err' is of type 'unknown'.
src/controllers/qr-template.controller.ts(583,18): error TS18046: 'error' is of type 'unknown'.
src/controllers/qr-template.controller.ts(594,16): error TS7006: Parameter 'req' implicitly has an 'any' type.
src/controllers/qr-template.controller.ts(594,21): error TS7006: Parameter 'res' implicitly has an 'any' type.
src/controllers/qr-template.controller.ts(675,18): error TS18046: 'error' is of type 'unknown'.
src/controllers/qr-template.controller.ts(686,21): error TS7006: Parameter 'req' implicitly has an 'any' type.
src/controllers/qr-template.controller.ts(686,26): error TS7006: Parameter 'res' implicitly has an 'any' type.
src/controllers/qr-template.controller.ts(728,18): error TS18046: 'error' is of type 'unknown'.
src/controllers/qr-template.controller.ts(737,19): error TS7006: Parameter 'req' implicitly has an 'any' type.
src/controllers/qr-template.controller.ts(737,24): error TS7006: Parameter 'res' implicitly has an 'any' type.
src/controllers/qr-template.controller.ts(827,18): error TS18046: 'error' is of type 'unknown'.
src/controllers/qr-webhook.controller.ts(66,11): error TS7053: Element implicitly has an 'any' type because expression of type 'any' can't be used to index type '{ pending: number; sent: number; delivered: number; read: number; failed: number; }'.
src/controllers/qr-webhook.controller.ts(66,37): error TS7053: Element implicitly has an 'any' type because expression of type 'any' can't be used to index type '{ pending: number; sent: number; delivered: number; read: number; failed: number; }'.
src/controllers/qr-webhook.controller.ts(203,40): error TS2304: Cannot find name 'req'.
src/controllers/qr-webhook.controller.ts(216,25): error TS2304: Cannot find name 'req'.
src/controllers/restriction-list.controller.ts(425,27): error TS7006: Parameter 'row' implicitly has an 'any' type.
src/controllers/restriction-list.controller.ts(503,27): error TS7006: Parameter 'row' implicitly has an 'any' type.
src/controllers/restriction-list.controller.ts(869,27): error TS7006: Parameter 'row' implicitly has an 'any' type.
src/controllers/restriction-list.controller.ts(1117,9): error TS2393: Duplicate function implementation.
src/controllers/restriction-list.controller.ts(1202,29): error TS7006: Parameter 'row' implicitly has an 'any' type.
src/controllers/restriction-list.controller.ts(1221,36): error TS7006: Parameter 'row' implicitly has an 'any' type.
src/controllers/restriction-list.controller.ts(1342,9): error TS2393: Duplicate function implementation.
src/controllers/restriction-list.controller.ts(1404,27): error TS7006: Parameter 'row' implicitly has an 'any' type.
src/controllers/restriction-list.controller.ts(1443,29): error TS7006: Parameter 'listType' implicitly has an 'any' type.
src/controllers/restriction-list.controller.ts(1444,15): error TS7053: Element implicitly has an 'any' type because expression of type 'any' can't be used to index type '{ do_not_disturb: number; blocked: number; not_interested: number; }'.
src/controllers/restriction-list.controller.ts(1445,13): error TS7053: Element implicitly has an 'any' type because expression of type 'any' can't be used to index type '{ do_not_disturb: number; blocked: number; not_interested: number; }'.
src/controllers/restriction-list.controller.ts(1533,43): error TS7006: Parameter 'row' implicitly has an 'any' type.
src/controllers/restriction-list.controller.ts(1562,27): error TS7006: Parameter 'row' implicitly has an 'any' type.
src/controllers/restriction-list.controller.ts(1638,25): error TS2304: Cannot find name 'req'.
src/controllers/restriction-list.controller.ts(1648,45): error TS2304: Cannot find name 'req'.
src/controllers/restriction-list.controller.ts(1657,25): error TS2304: Cannot find name 'req'.
src/controllers/whatsapp-catalog.controller.ts(146,21): error TS2339: Property 'facebook_product_id' does not exist on type 'Product'.
src/controllers/whatsapp-catalog.controller.ts(146,53): error TS2339: Property 'facebook_product_id' does not exist on type 'Product'.
src/controllers/whatsapp-catalog.controller.ts(147,57): error TS2339: Property 'facebook_product_id' does not exist on type 'Product'.
src/controllers/whatsapp-catalog.controller.ts(164,57): error TS2339: Property 'facebook_product_id' does not exist on type 'Product'.
src/controllers/whatsapp-catalog.controller.ts(209,39): error TS2304: Cannot find name 'whatsappCatalogEndpoint'.
src/controllers/whatsapp-catalog.controller.ts(239,48): error TS2339: Property 'facebook_product_id' does not exist on type 'Product'.
src/controllers/whatsapp-catalog.controller.ts(346,32): error TS2339: Property 'facebook_product_id' does not exist on type 'Product'.
src/controllers/whatsapp-catalog.controller.ts(382,53): error TS2339: Property 'facebook_product_id' does not exist on type 'Product'.
src/routes/baseDados.ts(366,68): error TS2339: Property 'replace' does not exist on type 'string | ParsedQs | (string | ParsedQs)[]'.
  Property 'replace' does not exist on type '(string | ParsedQs)[]'.
src/routes/baseDados.ts(381,45): error TS7006: Parameter 't' implicitly has an 'any' type.
src/server.ts(151,73): error TS2345: Argument of type 'number' is not assignable to parameter of type 'Request<ParamsDictionary, any, any, ParsedQs, Record<string, any>>'.
src/services/profile-queue.service.ts(149,11): error TS7053: Element implicitly has an 'any' type because expression of type 'string' can't be used to index type '{ about?: string | undefined; description?: string | undefined; email?: string | undefined; address?: string | undefined; vertical?: string | undefined; websites?: string[] | undefined; }'.
  No index signature with a parameter of type 'string' was found on type '{ about?: string | undefined; description?: string | undefined; email?: string | undefined; address?: string | undefined; vertical?: string | undefined; websites?: string[] | undefined; }'.
src/services/profile-queue.service.ts(149,52): error TS7053: Element implicitly has an 'any' type because expression of type 'string' can't be used to index type '{ about?: string | undefined; description?: string | undefined; email?: string | undefined; address?: string | undefined; vertical?: string | undefined; websites?: string[] | undefined; }'.
  No index signature with a parameter of type 'string' was found on type '{ about?: string | undefined; description?: string | undefined; email?: string | undefined; address?: string | undefined; vertical?: string | undefined; websites?: string[] | undefined; }'.
src/services/profile-queue.service.ts(150,29): error TS7053: Element implicitly has an 'any' type because expression of type 'string' can't be used to index type '{ about?: string | undefined; description?: string | undefined; email?: string | undefined; address?: string | undefined; vertical?: string | undefined; websites?: string[] | undefined; }'.
  No index signature with a parameter of type 'string' was found on type '{ about?: string | undefined; description?: string | undefined; email?: string | undefined; address?: string | undefined; vertical?: string | undefined; websites?: string[] | undefined; }'.
src/workers/qr-campaign.worker.ts(346,37): error TS2558: Expected 0 type arguments, but got 1.
src/workers/qr-campaign.worker.ts(458,41): error TS2558: Expected 0 type arguments, but got 1.
src/workers/qr-campaign.worker.ts(540,40): error TS2558: Expected 0 type arguments, but got 1.
src/workers/qr-campaign.worker.ts(589,39): error TS2558: Expected 0 type arguments, but got 1.
src/workers/qr-campaign.worker.ts(673,40): error TS2558: Expected 0 type arguments, but got 1.
src/workers/qr-campaign.worker.ts(691,48): error TS2558: Expected 0 type arguments, but got 1.
src/workers/qr-campaign.worker.ts(706,42): error TS2558: Expected 0 type arguments, but got 1.
src/workers/qr-campaign.worker.ts(726,50): error TS2558: Expected 0 type arguments, but got 1.
